WARNING: This is a development server. Do not use it in a production deployment. Use a production WSGI server instead.
 * Running on all addresses (0.0.0.0)
 * Running on http://127.0.0.1:5000
 * Running on http://172.18.233.157:5000
Press CTRL+C to quit
 * Restarting with stat
 * Debugger is active!
 * Debugger PIN: 153-076-831
127.0.0.1 - - [12/Sep/2026 16:50:54] "GET /health HTTP/1.1" 200 -
 * Detected change in 'C:\\Users\\aniru\\Downloads\\Hackbattle\\Final Product\\qa_plr_adversarial.py', reloading
 * Restarting with stat
 * Debugger is active!
 * Debugger PIN: 153-076-831
127.0.0.1 - - [12/Sep/2026 16:51:44] "GET /health HTTP/1.1" 200 -
127.0.0.1 - - [12/Sep/2026 17:00:53] "GET / HTTP/1.1" 200 -
127.0.0.1 - - [12/Sep/2026 17:01:58] "GET / HTTP/1.1" 200 -
127.0.0.1 - - [12/Sep/2026 17:02:45] "GET / HTTP/1.1" 200 -
127.0.0.1 - - [12/Sep/2026 17:26:01] "GET / HTTP/1.1" 200 -
WARNING: Logging before InitGoogle() is written to STDERR
W0000 00:00:1789216772.409907   23796 face_landmarker_graph.cc:180] Sets FaceBlendshapesGraph acceleration to xnnpack by default.
INFO: Created TensorFlow Lite XNNPACK delegate for CPU.
W0000 00:00:1789216772.446020   10516 inference_feedback_manager.cc:121] Feedback manager requires a model with a single signature inference. Disabling support for feedback tensors.
W0000 00:00:1789216772.475477   14964 inference_feedback_manager.cc:121] Feedback manager requires a model with a single signature inference. Disabling support for feedback tensors.
[PLR DIAG] Face detected (478 lms): Left=5.39px, Right=5.83px -> Combined=5.61px
[PLR DIAG] Face detected (478 lms): Left=5.49px, Right=5.10px -> Combined=5.30px
[PLR DIAG] Face detected (478 lms): Left=5.83px, Right=5.68px -> Combined=5.75px
[PLR DIAG] Face detected (478 lms): Left=5.83px, Right=2.83px -> Combined=5.83px
[PLR DIAG] Face detected (478 lms): Left=5.96px, Right=5.27px -> Combined=5.61px
[PLR DIAG] Face detected (478 lms): Left=5.97px, Right=4.47px -> Combined=5.22px
[PLR DIAG] Face detected (478 lms): Left=5.39px, Right=6.40px -> Combined=5.89px
[PLR DIAG] Face detected (478 lms): Left=5.68px, Right=5.20px -> Combined=5.44px
[PLR DIAG] Face detected (478 lms): Left=6.08px, Right=5.52px -> Combined=5.80px
[PLR DIAG] Face detected (478 lms): Left=5.95px, Right=6.17px -> Combined=6.06px
[PLR DIAG] Face detected (478 lms): Left=5.49px, Right=5.52px -> Combined=5.50px
[PLR DIAG] Face detected (478 lms): Left=5.39px, Right=4.47px -> Combined=4.93px
[PLR DIAG] Face detected (478 lms): Left=4.00px, Right=2.83px -> Combined=3.41px
[PLR DIAG] Face detected (478 lms): Left=5.10px, Right=3.61px -> Combined=4.35px
[PLR DIAG] Face detected (478 lms): Left=4.47px, Right=4.12px -> Combined=4.30px
[PLR DIAG] Face detected (478 lms): Both eyes failed contour/blink checks
[PLR DIAG] Face detected (478 lms): Left=6.41px, Right=5.53px -> Combined=5.97px
[PLR DIAG] Face detected (478 lms): Left=6.41px, Right=3.61px -> Combined=3.61px
[PLR DIAG] Face detected (478 lms): Left=4.12px, Right=6.10px -> Combined=5.11px
[PLR DIAG] Face detected (478 lms): Left=2.83px, Right=5.41px -> Combined=2.83px
[PLR DIAG] Face detected (478 lms): Left=5.95px, Right=2.24px -> Combined=2.24px
[PLR DIAG] Face detected (478 lms): Left=4.12px, Right=3.00px -> Combined=3.56px
[PLR DIAG] Face detected (478 lms): Left=5.80px, Right=2.24px -> Combined=2.24px
[PLR DIAG] Face detected (478 lms): Left=5.39px, Right=5.59px -> Combined=5.49px
[PLR DIAG] Face detected (478 lms): Left=4.12px, Right=5.20px -> Combined=4.66px
[PLR DIAG] Face detected (478 lms): Left=4.47px, Right=5.20px -> Combined=4.84px
[PLR DIAG] Face detected (478 lms): Left=5.39px, Right=5.10px -> Combined=5.24px
[PLR DIAG] Face detected (478 lms): Left=3.16px, Right=6.00px -> Combined=3.16px
[PLR DIAG] Face detected (478 lms): Left=3.16px, Right=5.59px -> Combined=3.16px
[PLR DIAG] Face detected (478 lms): Left=2.24px, Right=2.24px -> Combined=2.24px
[PLR DIAG] Face detected (478 lms): Left=3.16px, Right=2.24px -> Combined=2.70px
[PLR DIAG] Face detected (478 lms): Right=6.32px, Left eye failed -> Used Right=6.32px
[PLR DIAG] Face detected (478 lms): Left=5.83px, Right=3.61px -> Combined=4.72px
[PLR DIAG] Face detected (478 lms): Left=3.16px, Right=4.75px -> Combined=3.96px
[PLR DIAG] Face detected (478 lms): Left=5.39px, Right=6.04px -> Combined=5.71px
[PLR DIAG] Face detected (478 lms): Left=3.16px, Right=3.16px -> Combined=3.16px
[PLR DIAG] Face detected (478 lms): Left=4.47px, Right=5.05px -> Combined=4.76px
[PLR DIAG] Face detected (478 lms): Left=4.47px, Right=6.41px -> Combined=5.44px
[PLR DIAG] Face detected (478 lms): Left=4.47px, Right=3.16px -> Combined=3.82px
[PLR DIAG] Face detected (478 lms): Left=4.12px, Right=1.41px -> Combined=1.41px
[PLR DIAG] Face detected (478 lms): Left=3.61px, Right eye failed -> Used Left=3.61px
[PLR DIAG] Face detected (478 lms): Left=4.47px, Right=5.01px -> Combined=4.74px
[PLR DIAG] Face detected (478 lms): Left=5.39px, Right=5.70px -> Combined=5.54px
[PLR DIAG] Face detected (478 lms): Left=2.24px, Right=5.44px -> Combined=2.24px
[PLR DIAG] Face detected (478 lms): Left=5.39px, Right=5.39px -> Combined=5.39px
[PLR DIAG] Face detected (478 lms): Left=5.53px, Right=5.18px -> Combined=5.36px
[PLR DIAG] Face detected (478 lms): Left=5.53px, Right=5.20px -> Combined=5.37px
[PLR DIAG] Face detected (478 lms): Left=2.50px, Right=5.05px -> Combined=2.50px
[PLR DIAG] Face detected (478 lms): Left=5.95px, Right=2.00px -> Combined=2.00px
[PLR DIAG] Face detected (478 lms): Left=5.39px, Right=6.04px -> Combined=5.71px
[PLR DIAG] Face detected (478 lms): Left=5.49px, Right=5.10px -> Combined=5.30px
[PLR DIAG] Face detected (478 lms): Left=5.15px, Right=5.10px -> Combined=5.13px
[PLR DIAG] Face detected (478 lms): Both eyes failed contour/blink checks
[PLR DIAG] Face detected (478 lms): Right=2.24px, Left eye failed -> Used Right=2.24px
[PLR DIAG] Face detected (478 lms): Left=5.10px, Right=5.49px -> Combined=5.30px
[PLR DIAG] Face detected (478 lms): Left=5.20px, Right=3.16px -> Combined=4.18px
[PLR DIAG] Face detected (478 lms): Left=5.49px, Right=5.00px -> Combined=5.25px
[PLR DIAG] Face detected (478 lms): Left=5.49px, Right=4.12px -> Combined=4.81px
[PLR DIAG] Face detected (478 lms): Left=5.49px, Right=2.36px -> Combined=2.36px
[PLR DIAG] Face detected (478 lms): Left=5.39px, Right=5.10px -> Combined=5.24px
[PLR DIAG] Face detected (478 lms): Left=5.39px, Right=5.01px -> Combined=5.20px
[PLR DIAG] Face detected (478 lms): Left=5.15px, Right=5.83px -> Combined=5.49px
[PLR DIAG] Face detected (478 lms): Left=2.24px, Right=4.12px -> Combined=2.24px
[PLR DIAG] Face detected (478 lms): Left=5.00px, Right=5.83px -> Combined=5.42px
[PLR DIAG] Face detected (478 lms): Left=5.05px, Right=6.32px -> Combined=5.69px
[PLR DIAG] Face detected (478 lms): Left=5.66px, Right=5.44px -> Combined=5.55px
[PLR DIAG] Face detected (478 lms): Left=5.00px, Right=5.83px -> Combined=5.42px
[PLR DIAG] Face detected (478 lms): Left=4.12px, Right=5.83px -> Combined=4.98px
[PLR DIAG] Face detected (478 lms): Left=5.39px, Right=6.40px -> Combined=5.89px
[PLR DIAG] Face detected (478 lms): Left=5.39px, Right=5.10px -> Combined=5.24px
[PLR DIAG] Face detected (478 lms): Left=5.83px, Right=5.95px -> Combined=5.89px
[PLR DIAG] Face detected (478 lms): Left=2.24px, Right=5.10px -> Combined=2.24px
[PLR DIAG] Face detected (478 lms): Left=5.39px, Right=5.53px -> Combined=5.46px
[PLR DIAG] Face detected (478 lms): Left=6.82px, Right=5.39px -> Combined=6.10px
[PLR DIAG] Face detected (478 lms): Left=3.16px, Right=6.08px -> Combined=3.16px
[PLR DIAG] Face detected (478 lms): Left=3.16px, Right=6.01px -> Combined=6.01px
[PLR DIAG] Face detected (478 lms): Left=3.16px, Right=5.97px -> Combined=3.16px
[PLR DIAG] Face detected (478 lms): Left=1.41px, Right=5.00px -> Combined=1.41px
[PLR DIAG] Face detected (478 lms): Left=5.95px, Right=5.39px -> Combined=5.67px
[PLR DIAG] Face detected (478 lms): Left=5.44px, Right=5.39px -> Combined=5.41px
[PLR DIAG] Face detected (478 lms): Left=5.39px, Right=5.83px -> Combined=5.61px
[PLR DIAG] Face detected (478 lms): Left=1.41px, Right=3.68px -> Combined=1.41px
[PLR DIAG] Face detected (478 lms): Left=4.12px, Right=5.10px -> Combined=4.61px
[PLR DIAG] Face detected (478 lms): Left=5.83px, Right=5.00px -> Combined=5.42px
[PLR DIAG] Face detected (478 lms): Left=5.83px, Right=2.50px -> Combined=2.50px
[PLR DIAG] Face detected (478 lms): Left=5.95px, Right=6.10px -> Combined=6.02px
[PLR DIAG] Face detected (478 lms): Left=5.49px, Right=2.83px -> Combined=2.83px
[PLR DIAG] Face detected (478 lms): Left=5.05px, Right=6.71px -> Combined=5.88px
[PLR DIAG] Face detected (478 lms): Left=6.17px, Right=4.35px -> Combined=5.26px
[PLR DIAG] Face detected (478 lms): Left=5.83px, Right=5.83px -> Combined=5.83px
[PLR DIAG] Session complete: 88/90 frames valid (pre-flash: 29, post-flash: 59)
[PLR DIAG] Calculated metrics: {'baseline_diameter_px': 5.11211895942688, 'min_diameter_px': 1.414413571357727, 'latency_sec': 0.6509999999999998, 'pct_constriction': 72.33214675590614}
127.0.0.1 - - [12/Sep/2026 18:09:34] "POST /analyze_session HTTP/1.1" 200 -
[PLR DIAG] Face detected (478 lms): Left=3.16px, Right=3.61px -> Combined=3.38px
[PLR DIAG] Face detected (478 lms): Left=3.61px, Right=3.61px -> Combined=3.61px
[PLR DIAG] Face detected (478 lms): Left=4.00px, Right=3.61px -> Combined=3.80px
[PLR DIAG] Face detected (478 lms): Left=3.16px, Right eye failed -> Used Left=3.16px
[PLR DIAG] Face detected (478 lms): Left=4.35px, Right=2.36px -> Combined=2.36px
[PLR DIAG] Face detected (478 lms): Both eyes failed contour/blink checks
[PLR DIAG] Face detected (478 lms): Left=4.03px, Right=2.24px -> Combined=2.24px
[PLR DIAG] Face detected (478 lms): Left=4.24px, Right=3.00px -> Combined=3.62px
[PLR DIAG] Face detected (478 lms): Left=3.61px, Right eye failed -> Used Left=3.61px
[PLR DIAG] Face detected (478 lms): Left=3.61px, Right eye failed -> Used Left=3.61px
[PLR DIAG] Face detected (478 lms): Left=4.12px, Right eye failed -> Used Left=4.12px
[PLR DIAG] Face detected (478 lms): Left=4.24px, Right eye failed -> Used Left=4.24px
[PLR DIAG] Face detected (478 lms): Left=3.16px, Right=3.61px -> Combined=3.38px
[PLR DIAG] Face detected (478 lms): Right=3.61px, Left eye failed -> Used Right=3.61px
[PLR DIAG] Face detected (478 lms): Left=2.36px, Right=3.16px -> Combined=2.76px
[PLR DIAG] Face detected (478 lms): Right=3.68px, Left eye failed -> Used Right=3.68px
[PLR DIAG] Face detected (478 lms): Left=3.16px, Right eye failed -> Used Left=3.16px
[PLR DIAG] Face detected (478 lms): Left=1.41px, Right=5.00px -> Combined=1.41px
[PLR DIAG] Face detected (478 lms): Left=3.68px, Right=2.24px -> Combined=2.96px
[PLR DIAG] Face detected (478 lms): Both eyes failed contour/blink checks
[PLR DIAG] Face detected (478 lms): Left=4.47px, Right=4.47px -> Combined=4.47px
[PLR DIAG] Face detected (478 lms): Left=4.47px, Right=4.35px -> Combined=4.41px
[PLR DIAG] Face detected (478 lms): Left=3.64px, Right=3.16px -> Combined=3.40px
[PLR DIAG] Face detected (478 lms): Left=3.16px, Right eye failed -> Used Left=3.16px
[PLR DIAG] Face detected (478 lms): Left=3.80px, Right eye failed -> Used Left=3.80px
[PLR DIAG] Face detected (478 lms): Left=4.47px, Right=3.00px -> Combined=3.74px
[PLR DIAG] Face detected (478 lms): Left=4.47px, Right eye failed -> Used Left=4.47px
[PLR DIAG] Face detected (478 lms): Right=3.16px, Left eye failed -> Used Right=3.16px
[PLR DIAG] Face detected (478 lms): Left=3.64px, Right eye failed -> Used Left=3.64px
[PLR DIAG] Face detected (478 lms): Left=4.12px, Right eye failed -> Used Left=4.12px
[PLR DIAG] Face detected (478 lms): Left=4.12px, Right eye failed -> Used Left=4.12px
[PLR DIAG] Face detected (478 lms): Both eyes failed contour/blink checks
[PLR DIAG] Face detected (478 lms): Left=4.47px, Right=4.47px -> Combined=4.47px
[PLR DIAG] Face detected (478 lms): Left=3.16px, Right eye failed -> Used Left=3.16px
[PLR DIAG] Face detected (478 lms): Left=2.24px, Right eye failed -> Used Left=2.24px
[PLR DIAG] Face detected (478 lms): Left=3.16px, Right eye failed -> Used Left=3.16px
[PLR DIAG] Face detected (478 lms): Both eyes failed contour/blink checks
[PLR DIAG] Face detected (478 lms): Left=4.12px, Right=5.00px -> Combined=4.56px
[PLR DIAG] Face detected (478 lms): Both eyes failed contour/blink checks
[PLR DIAG] Face detected (478 lms): Both eyes failed contour/blink checks
[PLR DIAG] Face detected (478 lms): Left=4.47px, Right eye failed -> Used Left=4.47px
[PLR DIAG] Face detected (478 lms): Both eyes failed contour/blink checks
[PLR DIAG] Face detected (478 lms): Right=3.64px, Left eye failed -> Used Right=3.64px
[PLR DIAG] Face detected (478 lms): Right=4.12px, Left eye failed -> Used Right=4.12px
[PLR DIAG] Face detected (478 lms): Left=2.00px, Right=3.61px -> Combined=3.61px
[PLR DIAG] Face detected (478 lms): Both eyes failed contour/blink checks
[PLR DIAG] Face detected (478 lms): Left=3.16px, Right=4.12px -> Combined=3.64px
[PLR DIAG] Face detected (478 lms): Left=4.47px, Right=3.61px -> Combined=4.04px
[PLR DIAG] Face detected (478 lms): Left=2.36px, Right=4.47px -> Combined=2.36px
[PLR DIAG] Face detected (478 lms): Left=2.83px, Right eye failed -> Used Left=2.83px
[PLR DIAG] Face detected (478 lms): Right=2.83px, Left eye failed -> Used Right=2.83px
[PLR DIAG] Face detected (478 lms): Right=4.47px, Left eye failed -> Used Right=4.47px
[PLR DIAG] Face detected (478 lms): Right=3.68px, Left eye failed -> Used Right=3.68px
[PLR DIAG] Face detected (478 lms): Right=3.16px, Left eye failed -> Used Right=3.16px
[PLR DIAG] Face detected (478 lms): Right=3.00px, Left eye failed -> Used Right=3.00px
[PLR DIAG] Face detected (478 lms): Right=3.16px, Left eye failed -> Used Right=3.16px
[PLR DIAG] Face detected (478 lms): Right=4.24px, Left eye failed -> Used Right=4.24px
[PLR DIAG] Face detected (478 lms): Left=4.12px, Right=4.47px -> Combined=4.30px
[PLR DIAG] Face detected (478 lms): Left=5.00px, Right=3.16px -> Combined=4.08px
[PLR DIAG] Face detected (478 lms): Right=4.47px, Left eye failed -> Used Right=4.47px
[PLR DIAG] Face detected (478 lms): Left=3.16px, Right=4.47px -> Combined=3.82px
[PLR DIAG] Face detected (478 lms): Left=3.16px, Right=3.68px -> Combined=3.42px
[PLR DIAG] Face detected (478 lms): Left=4.27px, Right=2.83px -> Combined=3.55px
[PLR DIAG] Face detected (478 lms): Left=3.16px, Right=4.25px -> Combined=3.71px
[PLR DIAG] Face detected (478 lms): Right=3.16px, Left eye failed -> Used Right=3.16px
[PLR DIAG] Face detected (478 lms): Left=3.16px, Right=3.16px -> Combined=3.16px
[PLR DIAG] Face detected (478 lms): Left=3.16px, Right=2.24px -> Combined=2.70px
[PLR DIAG] Face detected (478 lms): Left=2.83px, Right=2.83px -> Combined=2.83px
[PLR DIAG] Face detected (478 lms): Left=4.35px, Right=2.24px -> Combined=4.35px
[PLR DIAG] Face detected (478 lms): Left=3.61px, Right=4.47px -> Combined=4.04px
[PLR DIAG] Face detected (478 lms): Left=2.50px, Right=3.61px -> Combined=3.05px
[PLR DIAG] Face detected (478 lms): Left=3.61px, Right=4.00px -> Combined=3.80px
[PLR DIAG] Face detected (478 lms): Left=2.36px, Right=3.16px -> Combined=2.76px
[PLR DIAG] Face detected (478 lms): Left=3.33px, Right=4.12px -> Combined=3.73px
[PLR DIAG] Face detected (478 lms): Left=5.10px, Right=5.10px -> Combined=5.10px
[PLR DIAG] Face detected (478 lms): Left=4.12px, Right=3.16px -> Combined=3.64px
[PLR DIAG] Face detected (478 lms): Left=4.47px, Right=5.10px -> Combined=4.79px
[PLR DIAG] Face detected (478 lms): Left=4.47px, Right=4.12px -> Combined=4.30px
[PLR DIAG] Face detected (478 lms): Right=5.10px, Left eye failed -> Used Right=5.10px
[PLR DIAG] Face detected (478 lms): Left=4.33px, Right=5.10px -> Combined=4.72px
[PLR DIAG] Face detected (478 lms): Right=3.16px, Left eye failed -> Used Right=3.16px
[PLR DIAG] Face detected (478 lms): Right=4.12px, Left eye failed -> Used Right=4.12px
[PLR DIAG] Face detected (478 lms): Left=4.47px, Right=3.16px -> Combined=3.82px
[PLR DIAG] Face detected (478 lms): Left=4.12px, Right=2.24px -> Combined=2.24px
[PLR DIAG] Face detected (478 lms): Left=4.12px, Right=2.24px -> Combined=2.24px
[PLR DIAG] Face detected (478 lms): Left=4.47px, Right=3.61px -> Combined=4.04px
[PLR DIAG] Face detected (478 lms): Left=4.33px, Right=3.16px -> Combined=3.75px
[PLR DIAG] Face detected (478 lms): Left=4.12px, Right=4.47px -> Combined=4.30px
[PLR DIAG] Face detected (478 lms): Right=3.16px, Left eye failed -> Used Right=3.16px
[PLR DIAG] Face detected (478 lms): Right=3.61px, Left eye failed -> Used Right=3.61px
[PLR DIAG] Session complete: 82/90 frames valid (pre-flash: 28, post-flash: 54)
[PLR DIAG] Calculated metrics: {'baseline_diameter_px': 3.6057512760162354, 'min_diameter_px': 2.2362680435180664, 'latency_sec': 0.31300000000000017, 'pct_constriction': 37.98052410346017}
127.0.0.1 - - [12/Sep/2026 18:09:51] "POST /analyze_session HTTP/1.1" 200 -
127.0.0.1 - - [12/Sep/2026 21:42:07] "GET / HTTP/1.1" 200 -
